# trial 1 deploy rc=0 took_ms=19077
1 108 200 a464cba1db8172d2-ICN {"seq":1}
1 1807 200 a464cbabca21e620-ICN {"seq":1}
1 2893 200 a464cbb28cc1c6fe-ICN {"seq":1}
1 3903 200 a464cbb8f81330b6-ICN {"seq":1}
1 4958 200 a464cbbf7e1d0bf6-ICN {"seq":1}
1 5980 200 a464cbc5eef65503-ICN {"seq":1}
1 7428 200 a464cbceee1bdfca-ICN {"seq":1}
1 8415 200 a464cbd51965ea9b-ICN {"seq":1}
1 9420 200 a464cbdb6e16ea1c-ICN {"seq":1}
1 10443 200 a464cbe1cfd6f246-ICN {"seq":1}
1 11448 200 a464cbe83976a76e-ICN {"seq":1}
1 12471 200 a464cbee7bfd5141-ICN {"seq":1}
1 13487 200 a464cbf4c894d160-ICN {"seq":1}
1 14538 200 a464cbfb6cf5ea26-ICN {"seq":1}
1 15570 200 a464cc01ddb96281-ICN {"seq":1}
1 16669 200 a464cc08ba40eaae-ICN {"seq":1}
1 17689 200 a464cc0f19fddf70-ICN {"seq":1}
1 18712 200 a464cc157d6fde6f-ICN {"seq":1}
1 19729 200 a464cc1bfa10ea25-ICN {"seq":1}
1 20782 200 a464cc22595e7363-ICN {"seq":1}
1 21772 200 a464cc28acccea11-ICN {"seq":1}
1 22814 200 a464cc2f3bbab853-ICN {"seq":1}
1 23824 200 a464cc359a2c52f0-ICN {"seq":1}
1 24895 200 a464cc3c1e043170-ICN {"seq":1}
1 25910 200 a464cc428e3bea33-ICN {"seq":1}
1 26948 200 a464cc490bfa0d05-ICN {"seq":1}
1 28051 200 a464cc4fe84eaa6b-ICN {"seq":1}
1 29135 200 a464cc56a898ea95-ICN {"seq":1}
1 30222 200 a464cc5d7d483121-ICN {"seq":1}
1 31330 200 a464cc644d86640b-ICN {"seq":1}
1 32321 200 a464cc6a899bbcf1-ICN {"seq":1}
1 33359 200 a464cc711d03f79e-ICN {"seq":1}
1 34465 200 a464cc786b0175c9-ICN {"seq":1}
1 36085 200 a464cc82df57d1cf-ICN {"seq":1}
1 37597 200 a464cc8b89e13444-ICN {"seq":1}
1 38605 200 a464cc91cc8ce879-ICN {"seq":1}
1 39642 200 a464cc98396751cf-ICN {"seq":1}
1 40681 200 a464cc9ecb2d382d-ICN {"seq":1}
1 41676 200 a464cca50937dd08-ICN {"seq":1}
1 42722 200 a464ccabbc6ead77-ICN {"seq":1}
1 43801 200 a464ccb248509353-ICN {"seq":1}
1 44844 200 a464ccb8ed750bbb-ICN {"seq":1}
1 45881 200 a464ccbf3cdf3079-ICN {"seq":1}
1 46925 200 a464ccc5c81d309d-ICN {"seq":1}
1 47956 200 a464cccc3b0f6995-ICN {"seq":1}
1 48997 200 a464ccd2bb7eea2c-ICN {"seq":1}
1 49993 200 a464ccd8e9edea0b-ICN {"seq":1}
1 50985 200 a464ccdf2c38ea15-ICN {"seq":1}
1 52000 200 a464cce58baef79e-ICN {"seq":1}
1 53143 200 a464cced3d13ea0f-ICN {"seq":1}
1 54664 200 a464ccf6cb646995-ICN {"seq":1}
1 55813 200 a464ccfd6bcdb7e8-ICN {"seq":1}
1 56838 200 a464cd03ddb898ff-ICN {"seq":1}
1 57850 200 a464cd0a0e510d9b-ICN {"seq":1}
1 58862 200 a464cd1079b9ea8b-ICN {"seq":1}
1 59902 200 a464cd16dd0dd1de-ICN {"seq":1}
1 60877 200 a464cd1cfdfff0ac-ICN {"seq":1}
1 61897 200 a464cd236e15ed61-ICN {"seq":1}
1 62952 200 a464cd29fcdd76c7-ICN {"seq":1}
1 63987 200 a464cd307b19ea26-ICN {"seq":1}
1 65013 200 a464cd36b9bf0d05-ICN {"seq":1}
1 65973 200 a464cd3ccd70d1ce-ICN {"seq":1}
1 66964 200 a464cd42ff799b9a-ICN {"seq":1}
1 67941 200 a464cd491b77ec6e-ICN {"seq":1}
1 68945 200 a464cd4f683e5a82-ICN {"seq":1}
1 71105 200 a464cd5dad10f364-ICN {"seq":1}
1 72391 200 a464cd65096d9d74-ICN {"seq":1}
1 73428 200 a464cd6b7dc0ea25-ICN {"seq":1}
1 74447 200 a464cd71db23d970-ICN {"seq":1}
# trial 2 deploy rc=0 took_ms=9355
2 88 200 a464cdb35d173d84-ICN {"seq":2}
2 1803 200 a464cdbe2c7ad1d5-ICN {"seq":2}
2 2900 200 a464cdc4ec4f0c91-ICN {"seq":2}
2 3968 200 a464cdcb89842584-ICN {"seq":2}
2 5066 200 a464cdd27f58ea21-ICN {"seq":2}
2 6050 200 a464cdd89e434627-ICN {"seq":2}
2 7067 200 a464cddf0b8eea12-ICN {"seq":2}
2 8056 200 a464cde52855d1e2-ICN {"seq":2}
2 9044 200 a464cdeb48e2eab1-ICN {"seq":2}
2 10056 200 a464cdf19b648b6c-ICN {"seq":2}
2 11051 200 a464cdf7dbee5141-ICN {"seq":2}
2 12022 200 a464cdfde8a8d1f5-ICN {"seq":2}
2 13401 200 a464ce072b06580b-ICN {"seq":2}
2 14819 200 a464ce0f8a99eab3-ICN {"seq":2}
2 15830 200 a464ce15bd0e3f17-ICN {"seq":2}
2 16832 200 a464ce1c1ac27665-ICN {"seq":2}
2 17823 200 a464ce224ba360ec-ICN {"seq":2}
2 18846 200 a464ce288fcb36f7-ICN {"seq":2}
2 19856 200 a464ce2efb1dea9b-ICN {"seq":2}
2 20850 200 a464ce352f340075-ICN {"seq":2}
2 21854 200 a464ce3b5a7b52f0-ICN {"seq":2}
2 22831 200 a464ce418cabea2d-ICN {"seq":2}
2 23803 200 a464ce47acc0e9f7-ICN {"seq":2}
2 24810 200 a464ce4de9ae326f-ICN {"seq":2}
2 25818 200 a464ce54189c0c91-ICN {"seq":2}
2 26783 200 a464ce5a2ea1eaa9-ICN {"seq":2}
2 27804 200 a464ce60aa575ecf-ICN {"seq":2}
2 28817 200 a464ce66ef26d1d7-ICN {"seq":2}
2 29784 200 a464ce6cefe73d69-ICN {"seq":2}
2 30764 200 a464ce730a69d1e9-ICN {"seq":2}
2 31800 200 a464ce799d22c8ca-ICN {"seq":2}
2 32815 200 a464ce7fe81ae9f7-ICN {"seq":2}
2 33830 200 a464ce869ecc3526-ICN {"seq":2}
2 34903 200 a464ce8ce85fd1db-ICN {"seq":2}
2 35912 200 a464ce935facd1e6-ICN {"seq":2}
2 36928 200 a464ce99892a53e2-ICN {"seq":2}
2 37919 200 a464ce9fd8806cea-ICN {"seq":2}
2 38942 200 a464cea64b7baa47-ICN {"seq":2}
2 39961 200 a464ceac997ca0c0-ICN {"seq":2}
2 40987 200 a464ceb2ffccea28-ICN {"seq":2}
2 41948 200 a464ceb8ea51feab-ICN {"seq":2}
2 42962 200 a464cebf3e083d81-ICN {"seq":2}
2 43920 200 a464cec558d5aa68-ICN {"seq":2}
2 44930 200 a464cecb9cbeea18-ICN {"seq":2}
2 45926 200 a464ced1d815ea28-ICN {"seq":2}
2 46911 200 a464ced7ff2562a9-ICN {"seq":2}
2 47904 200 a464cede2e290bf6-ICN {"seq":2}
2 48895 200 a464cee45db91ef9-ICN {"seq":2}
2 49902 200 a464ceeacac736f7-ICN {"seq":2}
2 50908 200 a464cef0eb9bea23-ICN {"seq":2}
2 51931 200 a464cef76a0baa4a-ICN {"seq":2}
2 52954 200 a464cefdc938aa61-ICN {"seq":2}
2 53967 200 a464cf0428605995-ICN {"seq":2}
2 54990 200 a464cf0a7c5ba2b5-ICN {"seq":2}
2 55972 200 a464cf10ba06326f-ICN {"seq":2}
2 56997 200 a464cf16fb2afeab-ICN {"seq":2}
2 57987 200 a464cf1d2b25aa4a-ICN {"seq":2}
2 59005 200 a464cf237ea83d84-ICN {"seq":2}
2 59970 200 a464cf299df630fe-ICN {"seq":2}
2 60987 200 a464cf300e44b327-ICN {"seq":2}
2 62026 200 a464cf36bdaf9d74-ICN {"seq":2}
2 63026 200 a464cf3cac84ea21-ICN {"seq":2}
2 64036 200 a464cf430990f804-ICN {"seq":2}
2 65073 200 a464cf496bad309d-ICN {"seq":2}
2 66086 200 a464cf4fd8a97fb4-ICN {"seq":2}
2 67099 200 a464cf562bdc62a2-ICN {"seq":2}
2 68102 200 a464cf5c682230fe-ICN {"seq":2}
2 69057 200 a464cf627aeee9f9-ICN {"seq":2}
2 70063 200 a464cf68cbde8d31-ICN {"seq":2}
2 71093 200 a464cf6f09f83d69-ICN {"seq":2}
2 72089 200 a464cf756a55326f-ICN {"seq":2}
2 73110 200 a464cf7bcd2538d5-ICN {"seq":2}
2 74112 200 a464cf81f981b5e6-ICN {"seq":2}
# trial 3 deploy rc=0 took_ms=23222
3 74 200 a464d019c8958c03-ICN {"seq":2}
3 1126 200 a464d0206c58315e-ICN {"seq":2}
3 2210 200 a464d0271f20aa60-ICN {"seq":3}
3 3857 200 a464d0315bf3d1d6-ICN {"seq":2}
3 4830 200 a464d0376a68d1f3-ICN {"seq":3}
3 5978 200 a464d03e9d528b63-ICN {"seq":2}
3 6964 200 a464d044cb96ea2f-ICN {"seq":3}
3 7987 200 a464d04b2eecea95-ICN {"seq":2}
3 9002 200 a464d05189cc75c0-ICN {"seq":3}
3 9998 200 a464d057def9ea95-ICN {"seq":2}
3 11138 200 a464d05f780421d8-ICN {"seq":3}
3 12872 200 a464d06aac45352c-ICN {"seq":3}
3 14158 200 a464d0723e47d1dd-ICN {"seq":2}
3 15774 200 a464d07c8cf3d1d1-ICN {"seq":3}
3 16936 200 a464d0831cfc580b-ICN {"seq":3}
3 17927 200 a464d0895951088c-ICN {"seq":3}
3 18922 200 a464d08f783fc7b5-ICN {"seq":3}
3 19947 200 a464d095db6275c9-ICN {"seq":3}
3 20923 200 a464d09bfab7d1d2-ICN {"seq":3}
3 21886 200 a464d0a20c1920d9-ICN {"seq":3}
3 22877 200 a464d0a85ac0aa3e-ICN {"seq":3}
3 23915 200 a464d0aeb841bcf1-ICN {"seq":3}
3 24926 200 a464d0b50e45d7e0-ICN {"seq":3}
3 25915 200 a464d0bb2a943d69-ICN {"seq":3}
3 26911 200 a464d0c16af45503-ICN {"seq":3}
3 27953 200 a464d0c7fe3ad1e3-ICN {"seq":3}
3 28989 200 a464d0ce8b6d5a03-ICN {"seq":3}
3 30038 200 a464d0d4eb81490f-ICN {"seq":3}
3 31055 200 a464d0db4fa03d84-ICN {"seq":3}
3 32051 200 a464d0e1a9f4eaa7-ICN {"seq":3}
3 33099 200 a464d0e84ec998ff-ICN {"seq":3}
3 34080 200 a464d0ee3920aa6b-ICN {"seq":3}
3 35049 200 a464d0f44aacc02f-ICN {"seq":3}
3 36044 200 a464d0fa8c14ea15-ICN {"seq":3}
3 37015 200 a464d100ad253d81-ICN {"seq":3}
3 38089 200 a464d1073cded1e9-ICN {"seq":3}
3 39091 200 a464d10d8d64580b-ICN {"seq":3}
3 40086 200 a464d113da8138d5-ICN {"seq":3}
3 41088 200 a464d119fefbea2d-ICN {"seq":3}
3 42111 200 a464d1206b2cea1f-ICN {"seq":3}
3 43117 200 a464d126b87bbd51-ICN {"seq":3}
3 44109 200 a464d12cedc9d2f8-ICN {"seq":3}
3 45119 200 a464d1333e25f428-ICN {"seq":3}
3 46130 200 a464d1398c30d1eb-ICN {"seq":3}
3 47124 200 a464d13fb83fd1e6-ICN {"seq":3}
3 48097 200 a464d145dde2d1d9-ICN {"seq":3}
3 49089 200 a464d14c0cb30847-ICN {"seq":3}
3 50080 200 a464d15239673d84-ICN {"seq":3}
3 51057 200 a464d158697352f0-ICN {"seq":3}
3 52065 200 a464d15e9c91ea99-ICN {"seq":3}
3 53056 200 a464d1650f9a6d95-ICN {"seq":3}
3 54073 200 a464d16b2dceea9b-ICN {"seq":3}
3 55064 200 a464d1716a94aa5c-ICN {"seq":3}
3 56102 200 a464d1780fc1a7d7-ICN {"seq":3}
3 57197 200 a464d17eae1989c0-ICN {"seq":3}
3 58198 200 a464d184f849e9ff-ICN {"seq":3}
3 59184 200 a464d18b18aff428-ICN {"seq":3}
3 60214 200 a464d191994eea1c-ICN {"seq":3}
3 61216 200 a464d197c8470075-ICN {"seq":3}
3 62206 200 a464d19e0e33ea04-ICN {"seq":3}
3 63183 200 a464d1a43ebbc8ef-ICN {"seq":3}
3 64212 200 a464d1aa9b8af300-ICN {"seq":3}
3 65221 200 a464d1b0d9a2d1f5-ICN {"seq":3}
3 66204 200 a464d1b6fcbf0075-ICN {"seq":3}
3 67225 200 a464d1bd6c8d3d81-ICN {"seq":3}
3 68181 200 a464d1c38fd920d9-ICN {"seq":3}
3 69391 200 a464d1cb9e1bea8e-ICN {"seq":3}
3 71126 200 a464d1d6a9d0ea91-ICN {"seq":3}
3 72326 200 a464d1dd6e205a63-ICN {"seq":3}
3 73383 200 a464d1e3d9a3d1d3-ICN {"seq":3}
3 74386 200 a464d1ea1c481706-ICN {"seq":3}
# trial 4 deploy rc=0 took_ms=12021
4 96 200 a464d23c0d88ea1c-ICN {"seq":3}
4 1078 200 a464d2422cef640b-ICN {"seq":3}
4 2073 200 a464d2486d2fd2f8-ICN {"seq":3}
4 3072 200 a464d24eaeba03c6-ICN {"seq":3}
4 4095 200 a464d2551a16fb08-ICN {"seq":4}
4 5486 200 a464d25da87f89c0-ICN {"seq":3}
4 6444 200 a464d263bda0c6fe-ICN {"seq":4}
4 7455 200 a464d26a388675c0-ICN {"seq":4}
4 8444 200 a464d2703dab9d6e-ICN {"seq":4}
4 9529 200 a464d2771d4347f8-ICN {"seq":4}
4 10568 200 a464d27d9a5572d2-ICN {"seq":4}
4 11552 200 a464d283d97ded61-ICN {"seq":4}
4 12572 200 a464d28a0fbe8b5f-ICN {"seq":4}
4 13560 200 a464d2903d01bcc4-ICN {"seq":4}
4 14561 200 a464d2967a60d1d5-ICN {"seq":4}
4 15563 200 a464d29cbd1832a6-ICN {"seq":4}
4 16624 200 a464d2a35a74ea0b-ICN {"seq":4}
4 17632 200 a464d2a9aabbea0f-ICN {"seq":4}
4 18594 200 a464d2afab94305d-ICN {"seq":4}
4 19580 200 a464d2b5cfe06d95-ICN {"seq":4}
4 20544 200 a464d2bbec40a7b4-ICN {"seq":4}
4 21547 200 a464d2c22c8fd1f1-ICN {"seq":4}
4 22535 200 a464d2c85871c093-ICN {"seq":4}
4 23543 200 a464d2cead226874-ICN {"seq":4}
4 24535 200 a464d2d4dfceea03-ICN {"seq":4}
4 25673 200 a464d2dc8f9bfd11-ICN {"seq":4}
4 27349 200 a464d2e73a6a8127-ICN {"seq":4}
4 28523 200 a464d2edb98720d9-ICN {"seq":4}
4 29521 200 a464d2f419cac6c3-ICN {"seq":4}
4 30533 200 a464d2fa3fa7eaae-ICN {"seq":4}
4 31509 200 a464d3006eb683e5-ICN {"seq":4}
4 32513 200 a464d306ae3980b7-ICN {"seq":4}
4 33500 200 a464d30cdb2aea0b-ICN {"seq":4}
4 34477 200 a464d312fb454e17-ICN {"seq":4}
4 35480 200 a464d3192e8aea99-ICN {"seq":4}
4 36477 200 a464d31f697beaa9-ICN {"seq":4}
4 37462 200 a464d3259ee660ec-ICN {"seq":4}
4 38485 200 a464d32bfd1c0c1d-ICN {"seq":4}
4 39514 200 a464d3326c01d1e3-ICN {"seq":4}
4 40516 200 a464d338ae3fb5e6-ICN {"seq":4}
4 41511 200 a464d33f09ef1a63-ICN {"seq":4}
4 42510 200 a464d3455893789a-ICN {"seq":4}
4 43539 200 a464d34b9e32834c-ICN {"seq":4}
4 44535 200 a464d351cd7afd11-ICN {"seq":4}
4 45546 200 a464d358194483e5-ICN {"seq":4}
4 46513 200 a464d35e295216dd-ICN {"seq":4}
4 47506 200 a464d3645cb0fa65-ICN {"seq":4}
4 48518 200 a464d36aaa26c9fd-ICN {"seq":4}
4 49500 200 a464d370ea51789a-ICN {"seq":4}
4 50474 200 a464d376e857d1d6-ICN {"seq":4}
4 51489 200 a464d37d6e22ea2c-ICN {"seq":4}
4 52514 200 a464d383ca3030fe-ICN {"seq":4}
4 53525 200 a464d389f90c5995-ICN {"seq":4}
4 54502 200 a464d3901fddfa46-ICN {"seq":4}
4 55565 200 a464d396cb5d0bbb-ICN {"seq":4}
4 56585 200 a464d39d3da4d1ea-ICN {"seq":4}
4 57612 200 a464d3a39978d1d1-ICN {"seq":4}
4 58621 200 a464d3a9d8d3c093-ICN {"seq":4}
4 59602 200 a464d3afeee183e5-ICN {"seq":4}
4 60599 200 a464d3b639bfb534-ICN {"seq":4}
4 61591 200 a464d3bc5ad83278-ICN {"seq":4}
4 62584 200 a464d3c299426132-ICN {"seq":4}
4 63588 200 a464d3c8ecf5d827-ICN {"seq":4}
4 64597 200 a464d3cf4816ea31-ICN {"seq":4}
4 65655 200 a464d3d5cca20dbb-ICN {"seq":4}
4 66656 200 a464d3dc0d02e106-ICN {"seq":4}
4 67654 200 a464d3e24f2cea27-ICN {"seq":4}
4 68636 200 a464d3e86d0852f0-ICN {"seq":4}
4 69608 200 a464d3ee98c1ea2b-ICN {"seq":4}
4 70689 200 a464d3f54fe2e9fc-ICN {"seq":4}
4 71748 200 a464d3fbfde0abdd-ICN {"seq":4}
4 72760 200 a464d4022e5a3d81-ICN {"seq":4}
4 73741 200 a464d4084a65ea17-ICN {"seq":4}
4 74769 200 a464d40eca2be434-ICN {"seq":4}
# done
